[                  40] <>  got 00000000000000000000000000000011 and 11111111111111111111111111111100
