[                  30] <snk>  got ERROR: Evaluating a structure as an expression; skipping and using value 0.0
