WARNING: test<>: substituting chp model (requested prs, not found)
WARNING: sink<>: substituting chp model (requested prs, not found)
