[                  10] <t>  1
[                  10] <t>  6
