WARNING: test<>: substituting chp model (requested prs, not found)
