WARNING: test<>: substituting chp model (requested prs, not found)
FATAL: Unknown expression type 79

