Typechecking failed on CHP assignment
  stmt: x[0] := testme(x)
	Function `testme<>': arg #0 has an incompatible type
