Typechecking failed on CHP assignment
  stmt: x := x{0..1}
	Bitfield range is empty {0..1}
