[                  40] <src>  Source 0: Sent value 65024 (0xfe00)
[                  50] <sink>  Sink 0: Received value 65024 (0xfe00)
[                  60] <src>  Source 0: Sent value 288 (0x120)
[                  70] <src>  Source 0: Input file #0 ended.
[                  70] <sink>  Sink 0: Received value 288 (0x120)
